creating cache_file = train-sets/0001.dat.cache
Reading from train-sets/0001.dat
num sources = 1
final_regressor = models/0001.model
Num weight bits = 17
learning rate = 2.56e+06
initial_t = 128000
power_t = 1
decay_learning_rate = 1
learning_rate set to 2.56e+06
average    since       example  example    current  current  current
loss       last        counter   weight      label  predict features
1.000000   1.000000          3      3.0     0.0000   1.0000      326
0.666667   0.333333          6      6.0     1.0000   0.0000      170
0.545335   0.399737         11     11.0     0.0000   1.0000      212
0.557228   0.569121         22     22.0     1.0000   0.0000      512
0.579505   0.601783         44     44.0     0.0000   1.0000      380
0.454290   0.326163         87     87.0     1.0000   0.0000      350
0.379776   0.305261        174    174.0     1.0000   1.0000      140
0.255738   0.131700        348    348.0     1.0000   1.0000      152

finished run
number of examples = 400
weighted example sum = 400
weighted label sum = 182
average loss = 0.2281
best constant = 1.002
total feature number = 179384
