You have chosen to generate 3-grams
You have chosen to generate 1-skip-3-grams
