creating quadratic features for pairs: Tf ff 
using no cache
Reading from train-sets/0002.dat
num sources = 1
final_regressor = models/0002a.model
Num weight bits = 18
learning rate = 10
initial_t = 1
power_t = 0
learning_rate set to 10
average    since       example  example    current  current  current
loss       last        counter   weight      label  predict features
0.146972   0.146972          3      3.0     0.5498   0.2139      197
0.088641   0.030310          6      6.0     0.2681   0.3526      197
0.054448   0.013417         11     11.0     0.4315   0.3625      197
0.054241   0.054034         22     22.0     0.5519   0.5993      197
0.029486   0.004731         44     44.0     0.5514   0.6111      197
0.022131   0.014605         87     87.0     0.5140   0.6042      197
0.015504   0.008877        174    174.0     0.5596   0.5332      197
0.010624   0.005743        348    348.0     0.5475   0.5252      197
0.006815   0.003007        696    696.0     0.3421   0.3456      197
0.004347   0.001878       1392   1392.0     0.4996   0.5196      197
0.002791   0.001234       2784   2784.0     0.5090   0.5127      197
0.001952   0.001113       5568   5568.0     0.6413   0.6021      197
0.001647   0.001343      11135  11135.0     0.3869   0.3712      197
0.001449   0.001251      22269  22269.0     0.5063   0.5089      197
0.001481   0.001514      44537  44537.0     0.4905   0.4615      197

finished run
number of examples = 74746
weighted example sum = 6.952e+04
weighted label sum = 3.511e+04
average loss = 0.001411
best constant = 0.5051
best constant's loss = 0.25
total feature number = 14724962
