creating quadratic features for pairs: ff 
using no cache
Reading from train-sets/0002.dat
num sources = 1
final_regressor = models/0002c.model
Num weight bits = 18
learning rate = 10
initial_t = 1
power_t = 0
learning_rate set to 10
average    since       example  example    current  current  current
loss       last        counter   weight      label  predict features
0.134688   0.134688          3      3.0     0.5498   0.2361      184
0.092259   0.049829          6      6.0     0.2681   0.3301      184
0.056900   0.014470         11     11.0     0.4315   0.3670      184
0.054895   0.052889         22     22.0     0.5519   0.5812      184
0.030112   0.005328         44     44.0     0.5514   0.6249      184
0.022350   0.014408         87     87.0     0.5140   0.6252      184
0.015551   0.008752        174    174.0     0.5596   0.5315      184
0.010780   0.006009        348    348.0     0.5475   0.5097      184
0.007063   0.003345        696    696.0     0.3421   0.4182      184
0.004659   0.002256       1392   1392.0     0.4996   0.4697      184
0.003090   0.001521       2784   2784.0     0.5090   0.5266      184
0.002281   0.001473       5568   5568.0     0.6413   0.5968      184
0.002010   0.001738      11135  11135.0     0.3869   0.4185      184
0.001729   0.001449      22269  22269.0     0.5063   0.5031      184
0.001724   0.001719      44537  44537.0     0.4905   0.4669      184

finished run
number of examples = 74746
weighted example sum = 6.952e+04
weighted label sum = 3.511e+04
average loss = 0.001625
best constant = 0.5051
best constant's loss = 0.25
total feature number = 13753264
